2026-04-06 14:52:32,289 | WARNING | /usr/lib/python3.12/http/cookiejar.py:1234: ResourceWarning: unclosed <socket.socket fd=33, family=2, type=1, proto=6, laddr=('10.10.0.17', 45960), raddr=('54.215.31.113', 443)>
  pass

2026-04-06 14:52:32,292 | WARNING | /usr/lib/python3.12/asyncio/selector_events.py:879: ResourceWarning: unclosed transport <_SelectorSocketTransport fd=33 read=idle write=<idle, bufsize=0>>
  _warn(f"unclosed transport {self!r}", ResourceWarning, source=self)

2026-04-06 15:08:05,359 | INFO | Hashing shortlist (streaming) started | urls=5234 | threshold=58.0 | domain_similarity_threshold=0.800 | high_confidence_threshold=78.00 | medium_confidence_threshold=68.00 | typo_top_k=10 | typo_min_score=0.750 | lexical_pass_min_score=0.850 | clip_margin_min=0.200 | dns_timeout=5.00 | dns_retries=2 | dns_max_workers=256
2026-04-06 15:08:05,359 | INFO | Scoring weights | domain=30, screenshot=20, favicon=14, ssl_hash=12, html_hash=6, domain_hash=8, keywords=10
2026-04-06 15:08:05,360 | INFO | Stage1 hashing parallelism | dns_workers=256 | total_pages=20 | page_workers_per_shard=4 | shards=5 | http_limit=80 | nav_timeout_ms=15000 | screenshot_timeout_ms=6000 | fetch_timeout_s=20.0 | gpu_queue=80 | gpu_batch=16 | active_fetch_limit=20 | active_fetch_floor=8 | aux_net_limit=32 | adaptive_downshift_enabled=True
2026-04-06 15:08:05,360 | INFO | Stage1 note | OCR/Screenshots/ImgProc/RDAP/WHOIS limits from phishing_pipeline.utils are not the active hashing-stage browser worker counts.
2026-04-06 15:08:05,360 | INFO | Stage1 runtime thresholds | escalate_total=60 | brand_min=18 | credential_min=18 | low_band_min=20 | hard_trigger_brand_min=10 | passthroughs={stage1_suspected=False,dns_rejected_strict_lexical=False,fetch_failed_strict_lexical=False}
2026-04-06 15:08:05,361 | INFO | Stage1 routing kept 43/5234 URLs before DNS | lexical_hits=29 | lexical_misses=5205 | non_escalated=5191
2026-04-06 15:08:05,361 | INFO | Stage1 RDAP summary | success=0 | 429=5024 | retry_success=0 | retry_exhausted=2051 | exception=1661 | cache_hit=69
2026-04-06 15:08:08,162 | INFO | DNS gate details | urls=43 | kept=24 | timeout=5.0s | retries=2 | workers=256 | resolved=24 timeout=0 resolver_error=2 no_records=2 dns_error=15 retry_success=0
2026-04-06 15:08:08,164 | INFO | DNS gate kept 24/43 Stage1 escalations at 5.0s timeout (retries=2, retry_success=0) | resolved=24 timeout=0 resolver_error=2 no_records=2 dns_error=15
2026-04-06 15:08:08,165 | INFO | Hashing log file: /home/user7/new_code/phishing_ml/output/hashing_shortlist.log
2026-04-06 15:08:10,033 | DEBUG | Retrying fetch for https://airtell.ai after navigation_transient_browser_error
2026-04-06 15:08:10,037 | DEBUG | Retrying fetch for https://onlinedentist24.com after navigation_transient_browser_error
2026-04-06 15:08:23,633 | INFO | Hashing progress | processed=21/24 | ok=17 | fail=3 | tout=0 | park=1 | match=1 | gpu_batches=15 | gpu_items=17 | gpu_queue=0 | active_fetch_limit=20 | avg_gpu_batch=1.13 | urls_per_sec=1.36 | success_ratio=0.810 | timeout_ratio=0.000
2026-04-06 15:08:24,187 | DEBUG | Retrying fetch for https://icicibank.net/login after navigation_timeout
2026-04-06 15:08:24,221 | DEBUG | Retrying fetch for https://axisupi.com after navigation_timeout
2026-04-06 15:08:24,328 | DEBUG | Retrying fetch for https://sdindia.com after navigation_timeout
2026-04-06 15:08:38,672 | INFO | Hashing progress | processed=21/24 | ok=17 | fail=3 | tout=0 | park=1 | match=1 | gpu_batches=15 | gpu_items=17 | gpu_queue=0 | active_fetch_limit=20 | avg_gpu_batch=1.13 | urls_per_sec=0.69 | success_ratio=0.810 | timeout_ratio=0.000
2026-04-06 15:08:39,679 | INFO | Hashing shortlist completed | passed_dns_gate=24 | processed=24 | hashed_success=17 | fetch_failed=3 | fetch_timed_out=3 | fetch_parked=1 | final_matches=1 | gpu_batches=15 | gpu_items=17 | avg_gpu_batch=1.1 | urls_per_sec=0.76 | threshold=58.0 | elapsed=31.5s
2026-04-06 15:08:39,680 | INFO | Anchor summary (shortlisted) | typo_anchor=0 | hash_anchor=0 | clip_anchor=0 | shortlisted=1
2026-04-06 15:08:39,680 | INFO | Typo similarity summary (shortlisted) | min=0.4167 | avg=0.4167 | p95=0.4167 | max=0.4167 | typo_min_score=0.7500
2026-04-06 15:08:39,856 | INFO | Stage1 methods summary | rows=5234 | lexical_hits=29 | hard_triggers=14 | password_pages=25 | login_forms=64 | action_mismatches=22 | deep_candidates=43 | dns_accepted=24 | deep_attempted=24 | top_escalate_reasons=stage1_low_suspicion:3075, stage1_fetch_failed:1972, stage1_suspected_non_escalated:144, lexical_hit:29, hard_trigger_hit:10
2026-04-06 15:08:39,856 | INFO | Stage1 methods CSV written to /home/user7/new_code/phishing_ml/output/stage1_methods_debug.csv
2026-04-06 15:08:39,856 | INFO | Stage1 deep-analysis candidates CSV written to /home/user7/new_code/phishing_ml/output/stage1_deep_analysis_candidates.csv
2026-04-06 15:08:39,874 | INFO | Stage1 review queue written to /home/user7/new_code/phishing_ml/output/hash_review_queue.csv with 147 rows
2026-04-06 15:08:39,942 | INFO | Stage1 debug CSV written to output/stage1_lexical_debug.csv with 5234 rows
2026-04-06 15:08:40,013 | INFO | Excluded URL audit written to /home/user7/new_code/phishing_ml/output/hashing_shortlist_excluded_urls.csv with 5230 rows
