2026-04-25 19:40:20,228 | INFO | Hashing shortlist (lexical-only) started | urls=876818 | threshold=58.0 | domain_similarity_threshold=0.800 | high_confidence_threshold=78.00 | medium_confidence_threshold=68.00 | typo_top_k=10 | typo_min_score=0.750 | lexical_pass_min_score=0.850
2026-04-25 19:40:20,229 | INFO | Scoring weights | domain=30, favicon=14, ssl_hash=12, html_hash=6, domain_hash=8, keywords=10
2026-04-25 19:40:20,229 | INFO | Hashing log file: c:\Users\sathwik.kusuri\Documents\phishing_ml\output\runs\run_20260424T151533Z\hash\hashing_shortlist.log
2026-04-25 19:40:23,124 | INFO | Stage0 lexical runtime | input_urls=876818 | metric_urls=876818 | workers=8 | batch_size=256 | inflight_batches=8 | progress_interval_s=1.0
2026-04-25 19:40:23,126 | INFO | Stage0 lexical executor | kind=thread | workers=8 | shortlist_execution_mode=legacy-batch
2026-04-25 19:40:29,520 | INFO | Stage0 lexical progress | processed=256/876818 | rate=40.0 url/s | elapsed=6.4s | eta=21900.6s | skipped=0 | metric_urls=256/876818 | batches=1/3426 | active_batches=7 | queued_batches=3418 | workers=8
2026-04-25 19:40:30,640 | INFO | Stage0 lexical progress | processed=1024/876818 | rate=136.2 url/s | elapsed=7.5s | eta=6428.4s | skipped=0 | metric_urls=1024/876818 | batches=4/3426 | active_batches=7 | queued_batches=3415 | workers=8
2026-04-25 19:40:32,102 | INFO | Stage0 lexical progress | processed=1536/876818 | rate=171.1 url/s | elapsed=9.0s | eta=5115.9s | skipped=0 | metric_urls=1536/876818 | batches=6/3426 | active_batches=7 | queued_batches=3413 | workers=8
2026-04-25 19:40:36,415 | INFO | Stage0 lexical progress | processed=2304/876818 | rate=173.4 url/s | elapsed=13.3s | eta=5044.7s | skipped=0 | metric_urls=2304/876818 | batches=9/3426 | active_batches=7 | queued_batches=3410 | workers=8
2026-04-25 19:40:37,698 | INFO | Stage0 lexical progress | processed=2816/876818 | rate=193.2 url/s | elapsed=14.6s | eta=4523.3s | skipped=0 | metric_urls=2816/876818 | batches=11/3426 | active_batches=7 | queued_batches=3408 | workers=8
2026-04-25 19:40:39,281 | INFO | Stage0 lexical progress | processed=3584/876818 | rate=221.8 url/s | elapsed=16.2s | eta=3936.7s | skipped=0 | metric_urls=3584/876818 | batches=14/3426 | active_batches=7 | queued_batches=3405 | workers=8
2026-04-25 19:40:40,677 | INFO | Stage0 lexical progress | processed=3840/876818 | rate=218.8 url/s | elapsed=17.6s | eta=3990.5s | skipped=0 | metric_urls=3840/876818 | batches=15/3426 | active_batches=7 | queued_batches=3404 | workers=8
2026-04-25 19:40:42,690 | INFO | Stage0 lexical progress | processed=4352/876818 | rate=222.4 url/s | elapsed=19.6s | eta=3922.5s | skipped=0 | metric_urls=4352/876818 | batches=17/3426 | active_batches=7 | queued_batches=3402 | workers=8
2026-04-25 19:40:44,184 | INFO | Stage0 lexical progress | processed=4864/876818 | rate=231.0 url/s | elapsed=21.1s | eta=3775.4s | skipped=0 | metric_urls=4864/876818 | batches=19/3426 | active_batches=7 | queued_batches=3400 | workers=8
2026-04-25 19:40:46,112 | INFO | Stage0 lexical progress | processed=5376/876818 | rate=233.9 url/s | elapsed=23.0s | eta=3726.3s | skipped=0 | metric_urls=5376/876818 | batches=21/3426 | active_batches=7 | queued_batches=3398 | workers=8
2026-04-25 19:40:48,612 | INFO | Stage0 lexical progress | processed=5888/876818 | rate=231.0 url/s | elapsed=25.5s | eta=3770.2s | skipped=0 | metric_urls=5888/876818 | batches=23/3426 | active_batches=7 | queued_batches=3396 | workers=8
2026-04-25 19:40:49,735 | INFO | Stage0 lexical progress | processed=6144/876818 | rate=230.9 url/s | elapsed=26.6s | eta=3771.1s | skipped=0 | metric_urls=6144/876818 | batches=24/3426 | active_batches=7 | queued_batches=3395 | workers=8
2026-04-25 19:40:51,100 | INFO | Stage0 lexical progress | processed=6656/876818 | rate=237.9 url/s | elapsed=28.0s | eta=3657.4s | skipped=0 | metric_urls=6656/876818 | batches=26/3426 | active_batches=7 | queued_batches=3393 | workers=8
2026-04-25 19:40:52,288 | INFO | Stage0 lexical progress | processed=7168/876818 | rate=245.8 url/s | elapsed=29.2s | eta=3538.3s | skipped=0 | metric_urls=7168/876818 | batches=28/3426 | active_batches=7 | queued_batches=3391 | workers=8
2026-04-25 19:40:57,397 | INFO | Stage0 lexical progress | processed=7936/876818 | rate=231.6 url/s | elapsed=34.3s | eta=3752.4s | skipped=0 | metric_urls=7936/876818 | batches=31/3426 | active_batches=7 | queued_batches=3388 | workers=8
2026-04-25 19:40:59,654 | INFO | Stage0 lexical progress | processed=8704/876818 | rate=238.3 url/s | elapsed=36.5s | eta=3643.4s | skipped=0 | metric_urls=8704/876818 | batches=34/3426 | active_batches=7 | queued_batches=3385 | workers=8
2026-04-25 19:41:00,792 | INFO | Stage0 lexical progress | processed=9728/876818 | rate=258.3 url/s | elapsed=37.7s | eta=3357.5s | skipped=0 | metric_urls=9728/876818 | batches=38/3426 | active_batches=7 | queued_batches=3381 | workers=8
2026-04-25 19:41:04,197 | INFO | Stage0 lexical progress | processed=9984/876818 | rate=243.1 url/s | elapsed=41.1s | eta=3566.1s | skipped=0 | metric_urls=9984/876818 | batches=39/3426 | active_batches=7 | queued_batches=3380 | workers=8
2026-04-25 19:41:05,705 | INFO | Stage0 lexical progress | processed=10496/876818 | rate=246.5 url/s | elapsed=42.6s | eta=3514.5s | skipped=0 | metric_urls=10496/876818 | batches=41/3426 | active_batches=7 | queued_batches=3378 | workers=8
2026-04-25 19:41:06,933 | INFO | Stage0 lexical progress | processed=10752/876818 | rate=245.4 url/s | elapsed=43.8s | eta=3528.8s | skipped=0 | metric_urls=10752/876818 | batches=42/3426 | active_batches=7 | queued_batches=3377 | workers=8
2026-04-25 19:41:08,654 | INFO | Stage0 lexical progress | processed=11776/876818 | rate=258.6 url/s | elapsed=45.5s | eta=3344.6s | skipped=0 | metric_urls=11776/876818 | batches=46/3426 | active_batches=7 | queued_batches=3373 | workers=8
2026-04-25 19:41:11,387 | INFO | Stage0 lexical progress | processed=12032/876818 | rate=249.3 url/s | elapsed=48.3s | eta=3468.8s | skipped=0 | metric_urls=12032/876818 | batches=47/3426 | active_batches=7 | queued_batches=3372 | workers=8
2026-04-25 19:41:12,506 | INFO | Stage0 lexical progress | processed=12544/876818 | rate=254.0 url/s | elapsed=49.4s | eta=3402.4s | skipped=0 | metric_urls=12544/876818 | batches=49/3426 | active_batches=7 | queued_batches=3370 | workers=8
2026-04-25 19:41:13,672 | INFO | Stage0 lexical progress | processed=12800/876818 | rate=253.2 url/s | elapsed=50.5s | eta=3412.1s | skipped=0 | metric_urls=12800/876818 | batches=50/3426 | active_batches=7 | queued_batches=3369 | workers=8
2026-04-25 19:41:15,008 | INFO | Stage0 lexical progress | processed=13568/876818 | rate=261.5 url/s | elapsed=51.9s | eta=3301.1s | skipped=0 | metric_urls=13568/876818 | batches=53/3426 | active_batches=7 | queued_batches=3366 | workers=8
2026-04-25 19:41:17,976 | INFO | Stage0 lexical progress | processed=14080/876818 | rate=256.7 url/s | elapsed=54.9s | eta=3361.0s | skipped=0 | metric_urls=14080/876818 | batches=55/3426 | active_batches=7 | queued_batches=3364 | workers=8
2026-04-25 19:41:20,051 | INFO | Stage0 lexical progress | processed=14848/876818 | rate=260.8 url/s | elapsed=56.9s | eta=3304.8s | skipped=0 | metric_urls=14848/876818 | batches=58/3426 | active_batches=7 | queued_batches=3361 | workers=8
2026-04-25 19:41:22,753 | INFO | Stage0 lexical progress | processed=15104/876818 | rate=253.3 url/s | elapsed=59.6s | eta=3402.0s | skipped=0 | metric_urls=15104/876818 | batches=59/3426 | active_batches=7 | queued_batches=3360 | workers=8
2026-04-25 19:41:23,755 | INFO | Stage0 lexical progress | processed=15872/876818 | rate=261.8 url/s | elapsed=60.6s | eta=3288.8s | skipped=0 | metric_urls=15872/876818 | batches=62/3426 | active_batches=7 | queued_batches=3357 | workers=8
2026-04-25 19:41:26,358 | INFO | Stage0 lexical progress | processed=16640/876818 | rate=263.1 url/s | elapsed=63.2s | eta=3268.8s | skipped=0 | metric_urls=16640/876818 | batches=65/3426 | active_batches=7 | queued_batches=3354 | workers=8
2026-04-25 19:41:30,359 | INFO | Stage0 lexical progress | processed=17152/876818 | rate=255.1 url/s | elapsed=67.2s | eta=3369.8s | skipped=0 | metric_urls=17152/876818 | batches=67/3426 | active_batches=7 | queued_batches=3352 | workers=8
2026-04-25 19:41:32,014 | INFO | Stage0 lexical progress | processed=18176/876818 | rate=263.8 url/s | elapsed=68.9s | eta=3254.4s | skipped=0 | metric_urls=18176/876818 | batches=71/3426 | active_batches=7 | queued_batches=3348 | workers=8
2026-04-25 19:41:34,000 | INFO | Stage0 lexical progress | processed=18688/876818 | rate=263.7 url/s | elapsed=70.9s | eta=3254.6s | skipped=0 | metric_urls=18688/876818 | batches=73/3426 | active_batches=7 | queued_batches=3346 | workers=8
2026-04-25 19:41:37,354 | INFO | Stage0 lexical progress | processed=19200/876818 | rate=258.7 url/s | elapsed=74.2s | eta=3315.7s | skipped=0 | metric_urls=19200/876818 | batches=75/3426 | active_batches=7 | queued_batches=3344 | workers=8
2026-04-25 19:41:38,504 | INFO | Stage0 lexical progress | processed=19712/876818 | rate=261.5 url/s | elapsed=75.4s | eta=3277.6s | skipped=0 | metric_urls=19712/876818 | batches=77/3426 | active_batches=7 | queued_batches=3342 | workers=8
2026-04-25 19:41:40,115 | INFO | Stage0 lexical progress | processed=20224/876818 | rate=262.7 url/s | elapsed=77.0s | eta=3261.0s | skipped=0 | metric_urls=20224/876818 | batches=79/3426 | active_batches=7 | queued_batches=3340 | workers=8
2026-04-25 19:41:41,214 | INFO | Stage0 lexical progress | processed=20736/876818 | rate=265.5 url/s | elapsed=78.1s | eta=3223.9s | skipped=0 | metric_urls=20736/876818 | batches=81/3426 | active_batches=7 | queued_batches=3338 | workers=8
2026-04-25 19:41:42,483 | INFO | Stage0 lexical progress | processed=20992/876818 | rate=264.5 url/s | elapsed=79.4s | eta=3235.4s | skipped=0 | metric_urls=20992/876818 | batches=82/3426 | active_batches=7 | queued_batches=3337 | workers=8
2026-04-25 19:41:43,955 | INFO | Stage0 lexical progress | processed=21504/876818 | rate=266.0 url/s | elapsed=80.8s | eta=3215.0s | skipped=0 | metric_urls=21504/876818 | batches=84/3426 | active_batches=7 | queued_batches=3335 | workers=8
2026-04-25 19:41:45,754 | INFO | Stage0 lexical progress | processed=21760/876818 | rate=263.3 url/s | elapsed=82.6s | eta=3247.0s | skipped=0 | metric_urls=21760/876818 | batches=85/3426 | active_batches=7 | queued_batches=3334 | workers=8
2026-04-25 19:41:46,799 | INFO | Stage0 lexical progress | processed=22016/876818 | rate=263.1 url/s | elapsed=83.7s | eta=3248.8s | skipped=0 | metric_urls=22016/876818 | batches=86/3426 | active_batches=7 | queued_batches=3333 | workers=8
2026-04-25 19:41:48,240 | INFO | Stage0 lexical progress | processed=22272/876818 | rate=261.7 url/s | elapsed=85.1s | eta=3265.8s | skipped=0 | metric_urls=22272/876818 | batches=87/3426 | active_batches=7 | queued_batches=3332 | workers=8
2026-04-25 19:41:50,149 | INFO | Stage0 lexical progress | processed=23296/876818 | rate=267.7 url/s | elapsed=87.0s | eta=3188.4s | skipped=0 | metric_urls=23296/876818 | batches=91/3426 | active_batches=7 | queued_batches=3328 | workers=8
2026-04-25 19:41:51,208 | INFO | Stage0 lexical progress | processed=23552/876818 | rate=267.4 url/s | elapsed=88.1s | eta=3191.2s | skipped=0 | metric_urls=23552/876818 | batches=92/3426 | active_batches=7 | queued_batches=3327 | workers=8
2026-04-25 19:41:52,852 | INFO | Stage0 lexical progress | processed=23808/876818 | rate=265.3 url/s | elapsed=89.7s | eta=3214.8s | skipped=0 | metric_urls=23808/876818 | batches=93/3426 | active_batches=7 | queued_batches=3326 | workers=8
2026-04-25 19:41:55,327 | INFO | Stage0 lexical progress | processed=24320/876818 | rate=263.8 url/s | elapsed=92.2s | eta=3232.0s | skipped=0 | metric_urls=24320/876818 | batches=95/3426 | active_batches=7 | queued_batches=3324 | workers=8
2026-04-25 19:41:57,672 | INFO | Stage0 lexical progress | processed=25088/876818 | rate=265.3 url/s | elapsed=94.5s | eta=3209.9s | skipped=0 | metric_urls=25088/876818 | batches=98/3426 | active_batches=7 | queued_batches=3321 | workers=8
2026-04-25 19:41:59,395 | INFO | Stage0 lexical progress | processed=25600/876818 | rate=265.9 url/s | elapsed=96.3s | eta=3201.1s | skipped=0 | metric_urls=25600/876818 | batches=100/3426 | active_batches=7 | queued_batches=3319 | workers=8
2026-04-25 19:42:00,716 | INFO | Stage0 lexical progress | processed=26112/876818 | rate=267.6 url/s | elapsed=97.6s | eta=3179.5s | skipped=0 | metric_urls=26112/876818 | batches=102/3426 | active_batches=7 | queued_batches=3317 | workers=8
2026-04-25 19:42:03,110 | INFO | Stage0 lexical progress | processed=26368/876818 | rate=263.7 url/s | elapsed=100.0s | eta=3224.9s | skipped=0 | metric_urls=26368/876818 | batches=103/3426 | active_batches=7 | queued_batches=3316 | workers=8
2026-04-25 19:42:04,727 | INFO | Stage0 lexical progress | processed=27136/876818 | rate=267.1 url/s | elapsed=101.6s | eta=3181.4s | skipped=0 | metric_urls=27136/876818 | batches=106/3426 | active_batches=7 | queued_batches=3313 | workers=8
2026-04-25 19:42:06,305 | INFO | Stage0 lexical progress | processed=27392/876818 | rate=265.5 url/s | elapsed=103.2s | eta=3199.7s | skipped=0 | metric_urls=27392/876818 | batches=107/3426 | active_batches=7 | queued_batches=3312 | workers=8
2026-04-25 19:42:07,766 | INFO | Stage0 lexical progress | processed=27904/876818 | rate=266.7 url/s | elapsed=104.6s | eta=3183.5s | skipped=0 | metric_urls=27904/876818 | batches=109/3426 | active_batches=7 | queued_batches=3310 | workers=8
2026-04-25 19:42:10,378 | INFO | Stage0 lexical progress | processed=28160/876818 | rate=262.6 url/s | elapsed=107.3s | eta=3232.3s | skipped=0 | metric_urls=28160/876818 | batches=110/3426 | active_batches=7 | queued_batches=3309 | workers=8
2026-04-25 19:42:11,960 | INFO | Stage0 lexical progress | processed=28928/876818 | rate=265.8 url/s | elapsed=108.8s | eta=3190.0s | skipped=0 | metric_urls=28928/876818 | batches=113/3426 | active_batches=7 | queued_batches=3306 | workers=8
2026-04-25 19:42:13,804 | INFO | Stage0 lexical progress | processed=29696/876818 | rate=268.3 url/s | elapsed=110.7s | eta=3157.3s | skipped=0 | metric_urls=29696/876818 | batches=116/3426 | active_batches=7 | queued_batches=3303 | workers=8
2026-04-25 19:42:16,293 | INFO | Stage0 lexical progress | processed=29952/876818 | rate=264.7 url/s | elapsed=113.2s | eta=3199.8s | skipped=0 | metric_urls=29952/876818 | batches=117/3426 | active_batches=7 | queued_batches=3302 | workers=8
2026-04-25 19:42:17,907 | INFO | Stage0 lexical progress | processed=30464/876818 | rate=265.4 url/s | elapsed=114.8s | eta=3188.9s | skipped=0 | metric_urls=30464/876818 | batches=119/3426 | active_batches=7 | queued_batches=3300 | workers=8
2026-04-25 19:42:19,135 | INFO | Stage0 lexical progress | processed=31232/876818 | rate=269.2 url/s | elapsed=116.0s | eta=3140.9s | skipped=0 | metric_urls=31232/876818 | batches=122/3426 | active_batches=7 | queued_batches=3297 | workers=8
2026-04-25 19:42:21,625 | INFO | Stage0 lexical progress | processed=31744/876818 | rate=267.9 url/s | elapsed=118.5s | eta=3154.7s | skipped=0 | metric_urls=31744/876818 | batches=124/3426 | active_batches=7 | queued_batches=3295 | workers=8
2026-04-25 19:42:23,265 | INFO | Stage0 lexical progress | processed=32000/876818 | rate=266.4 url/s | elapsed=120.1s | eta=3171.8s | skipped=0 | metric_urls=32000/876818 | batches=125/3426 | active_batches=7 | queued_batches=3294 | workers=8
2026-04-25 19:42:25,063 | INFO | Stage0 lexical progress | processed=32512/876818 | rate=266.6 url/s | elapsed=121.9s | eta=3166.6s | skipped=0 | metric_urls=32512/876818 | batches=127/3426 | active_batches=7 | queued_batches=3292 | workers=8
2026-04-25 19:42:26,353 | INFO | Stage0 lexical progress | processed=33280/876818 | rate=270.1 url/s | elapsed=123.2s | eta=3123.4s | skipped=0 | metric_urls=33280/876818 | batches=130/3426 | active_batches=7 | queued_batches=3289 | workers=8
2026-04-25 19:42:28,934 | INFO | Stage0 lexical progress | processed=33792/876818 | rate=268.6 url/s | elapsed=125.8s | eta=3138.6s | skipped=0 | metric_urls=33792/876818 | batches=132/3426 | active_batches=7 | queued_batches=3287 | workers=8
2026-04-25 19:42:31,562 | INFO | Stage0 lexical progress | processed=34304/876818 | rate=267.1 url/s | elapsed=128.4s | eta=3154.5s | skipped=0 | metric_urls=34304/876818 | batches=134/3426 | active_batches=7 | queued_batches=3285 | workers=8
2026-04-25 19:42:32,999 | INFO | Stage0 lexical progress | processed=34816/876818 | rate=268.1 url/s | elapsed=129.9s | eta=3140.9s | skipped=0 | metric_urls=34816/876818 | batches=136/3426 | active_batches=7 | queued_batches=3283 | workers=8
2026-04-25 19:42:36,775 | INFO | Stage0 lexical progress | processed=35840/876818 | rate=268.2 url/s | elapsed=133.7s | eta=3136.1s | skipped=0 | metric_urls=35840/876818 | batches=140/3426 | active_batches=7 | queued_batches=3279 | workers=8
2026-04-25 19:42:39,480 | INFO | Stage0 lexical progress | processed=36352/876818 | rate=266.6 url/s | elapsed=136.4s | eta=3152.6s | skipped=0 | metric_urls=36352/876818 | batches=142/3426 | active_batches=7 | queued_batches=3277 | workers=8
2026-04-25 19:42:40,910 | INFO | Stage0 lexical progress | processed=37632/876818 | rate=273.1 url/s | elapsed=137.8s | eta=3072.6s | skipped=0 | metric_urls=37632/876818 | batches=147/3426 | active_batches=7 | queued_batches=3272 | workers=8
2026-04-25 19:42:42,537 | INFO | Stage0 lexical progress | processed=37888/876818 | rate=271.8 url/s | elapsed=139.4s | eta=3086.9s | skipped=0 | metric_urls=37888/876818 | batches=148/3426 | active_batches=7 | queued_batches=3271 | workers=8
2026-04-25 19:42:44,009 | INFO | Stage0 lexical progress | processed=38144/876818 | rate=270.7 url/s | elapsed=140.9s | eta=3097.7s | skipped=0 | metric_urls=38144/876818 | batches=149/3426 | active_batches=7 | queued_batches=3270 | workers=8
2026-04-25 19:42:46,066 | INFO | Stage0 lexical progress | processed=38400/876818 | rate=268.6 url/s | elapsed=142.9s | eta=3121.0s | skipped=0 | metric_urls=38400/876818 | batches=150/3426 | active_batches=7 | queued_batches=3269 | workers=8
2026-04-25 19:42:47,404 | INFO | Stage0 lexical progress | processed=38912/876818 | rate=269.7 url/s | elapsed=144.3s | eta=3106.8s | skipped=0 | metric_urls=38912/876818 | batches=152/3426 | active_batches=7 | queued_batches=3267 | workers=8
2026-04-25 19:42:50,049 | INFO | Stage0 lexical progress | processed=39936/876818 | rate=271.8 url/s | elapsed=146.9s | eta=3078.9s | skipped=0 | metric_urls=39936/876818 | batches=156/3426 | active_batches=7 | queued_batches=3263 | workers=8
2026-04-25 19:42:51,580 | INFO | Stage0 lexical progress | processed=40192/876818 | rate=270.7 url/s | elapsed=148.5s | eta=3090.2s | skipped=0 | metric_urls=40192/876818 | batches=157/3426 | active_batches=7 | queued_batches=3262 | workers=8
2026-04-25 19:42:53,009 | INFO | Stage0 lexical progress | processed=40448/876818 | rate=269.9 url/s | elapsed=149.9s | eta=3099.3s | skipped=0 | metric_urls=40448/876818 | batches=158/3426 | active_batches=7 | queued_batches=3261 | workers=8
2026-04-25 19:42:54,330 | INFO | Stage0 lexical progress | processed=40960/876818 | rate=270.9 url/s | elapsed=151.2s | eta=3085.6s | skipped=0 | metric_urls=40960/876818 | batches=160/3426 | active_batches=7 | queued_batches=3259 | workers=8
2026-04-25 19:42:55,972 | INFO | Stage0 lexical progress | processed=41728/876818 | rate=273.0 url/s | elapsed=152.8s | eta=3058.9s | skipped=0 | metric_urls=41728/876818 | batches=163/3426 | active_batches=7 | queued_batches=3256 | workers=8
2026-04-25 19:42:57,218 | INFO | Stage0 lexical progress | processed=41984/876818 | rate=272.5 url/s | elapsed=154.1s | eta=3064.1s | skipped=0 | metric_urls=41984/876818 | batches=164/3426 | active_batches=7 | queued_batches=3255 | workers=8
2026-04-25 19:42:58,247 | INFO | Stage0 lexical progress | processed=42496/876818 | rate=274.0 url/s | elapsed=155.1s | eta=3045.5s | skipped=0 | metric_urls=42496/876818 | batches=166/3426 | active_batches=7 | queued_batches=3253 | workers=8
2026-04-25 19:43:00,889 | INFO | Stage0 lexical progress | processed=42752/876818 | rate=271.0 url/s | elapsed=157.8s | eta=3077.9s | skipped=0 | metric_urls=42752/876818 | batches=167/3426 | active_batches=7 | queued_batches=3252 | workers=8
2026-04-25 19:43:02,209 | INFO | Stage0 lexical progress | processed=43264/876818 | rate=272.0 url/s | elapsed=159.1s | eta=3065.0s | skipped=0 | metric_urls=43264/876818 | batches=169/3426 | active_batches=7 | queued_batches=3250 | workers=8
2026-04-25 19:43:03,330 | INFO | Stage0 lexical progress | processed=43520/876818 | rate=271.6 url/s | elapsed=160.2s | eta=3067.5s | skipped=0 | metric_urls=43520/876818 | batches=170/3426 | active_batches=7 | queued_batches=3249 | workers=8
2026-04-25 19:43:06,299 | INFO | Stage0 lexical progress | processed=44032/876818 | rate=269.8 url/s | elapsed=163.2s | eta=3086.2s | skipped=0 | metric_urls=44032/876818 | batches=172/3426 | active_batches=7 | queued_batches=3247 | workers=8
2026-04-25 19:43:07,960 | INFO | Stage0 lexical progress | processed=44544/876818 | rate=270.2 url/s | elapsed=164.8s | eta=3079.8s | skipped=0 | metric_urls=44544/876818 | batches=174/3426 | active_batches=7 | queued_batches=3245 | workers=8
2026-04-25 19:43:09,126 | INFO | Stage0 lexical progress | processed=45312/876818 | rate=273.0 url/s | elapsed=166.0s | eta=3046.2s | skipped=0 | metric_urls=45312/876818 | batches=177/3426 | active_batches=7 | queued_batches=3242 | workers=8
2026-04-25 19:43:10,509 | INFO | Stage0 lexical progress | processed=45568/876818 | rate=272.2 url/s | elapsed=167.4s | eta=3053.4s | skipped=0 | metric_urls=45568/876818 | batches=178/3426 | active_batches=7 | queued_batches=3241 | workers=8
2026-04-25 19:43:11,815 | INFO | Stage0 lexical progress | processed=46080/876818 | rate=273.2 url/s | elapsed=168.7s | eta=3041.2s | skipped=0 | metric_urls=46080/876818 | batches=180/3426 | active_batches=7 | queued_batches=3239 | workers=8
2026-04-25 19:43:13,689 | INFO | Stage0 lexical progress | processed=46336/876818 | rate=271.7 url/s | elapsed=170.6s | eta=3057.0s | skipped=0 | metric_urls=46336/876818 | batches=181/3426 | active_batches=7 | queued_batches=3238 | workers=8
2026-04-25 19:43:15,399 | INFO | Stage0 lexical progress | processed=46592/876818 | rate=270.5 url/s | elapsed=172.3s | eta=3069.8s | skipped=0 | metric_urls=46592/876818 | batches=182/3426 | active_batches=7 | queued_batches=3237 | workers=8
2026-04-25 19:43:16,912 | INFO | Stage0 lexical progress | processed=47360/876818 | rate=272.5 url/s | elapsed=173.8s | eta=3043.7s | skipped=0 | metric_urls=47360/876818 | batches=185/3426 | active_batches=7 | queued_batches=3234 | workers=8
2026-04-25 19:43:18,110 | INFO | Stage0 lexical progress | processed=47872/876818 | rate=273.6 url/s | elapsed=175.0s | eta=3030.0s | skipped=0 | metric_urls=47872/876818 | batches=187/3426 | active_batches=7 | queued_batches=3232 | workers=8
2026-04-25 19:43:19,537 | INFO | Stage0 lexical progress | processed=48128/876818 | rate=272.8 url/s | elapsed=176.4s | eta=3037.6s | skipped=0 | metric_urls=48128/876818 | batches=188/3426 | active_batches=7 | queued_batches=3231 | workers=8
2026-04-25 19:43:23,121 | INFO | Stage0 lexical progress | processed=48640/876818 | rate=270.2 url/s | elapsed=180.0s | eta=3064.8s | skipped=0 | metric_urls=48640/876818 | batches=190/3426 | active_batches=7 | queued_batches=3229 | workers=8
2026-04-25 19:43:24,650 | INFO | Stage0 lexical progress | processed=49664/876818 | rate=273.6 url/s | elapsed=181.5s | eta=3023.3s | skipped=0 | metric_urls=49664/876818 | batches=194/3426 | active_batches=7 | queued_batches=3225 | workers=8
2026-04-25 19:43:27,130 | INFO | Stage0 lexical progress | processed=50432/876818 | rate=274.1 url/s | elapsed=184.0s | eta=3015.2s | skipped=0 | metric_urls=50432/876818 | batches=197/3426 | active_batches=7 | queued_batches=3222 | workers=8
2026-04-25 19:43:29,526 | INFO | Stage0 lexical progress | processed=50688/876818 | rate=271.9 url/s | elapsed=186.4s | eta=3038.0s | skipped=0 | metric_urls=50688/876818 | batches=198/3426 | active_batches=7 | queued_batches=3221 | workers=8
2026-04-25 19:43:30,539 | INFO | Stage0 lexical progress | processed=50944/876818 | rate=271.8 url/s | elapsed=187.4s | eta=3038.3s | skipped=0 | metric_urls=50944/876818 | batches=199/3426 | active_batches=7 | queued_batches=3220 | workers=8
2026-04-25 19:43:33,012 | INFO | Stage0 lexical progress | processed=51968/876818 | rate=273.7 url/s | elapsed=189.9s | eta=3013.9s | skipped=0 | metric_urls=51968/876818 | batches=203/3426 | active_batches=7 | queued_batches=3216 | workers=8
2026-04-25 19:43:34,298 | INFO | Stage0 lexical progress | processed=52480/876818 | rate=274.5 url/s | elapsed=191.2s | eta=3002.9s | skipped=0 | metric_urls=52480/876818 | batches=205/3426 | active_batches=7 | queued_batches=3214 | workers=8
2026-04-25 19:43:37,226 | INFO | Stage0 lexical progress | processed=52736/876818 | rate=271.7 url/s | elapsed=194.1s | eta=3033.2s | skipped=0 | metric_urls=52736/876818 | batches=206/3426 | active_batches=7 | queued_batches=3213 | workers=8
2026-04-25 19:43:38,252 | INFO | Stage0 lexical progress | processed=52992/876818 | rate=271.6 url/s | elapsed=195.1s | eta=3033.5s | skipped=0 | metric_urls=52992/876818 | batches=207/3426 | active_batches=7 | queued_batches=3212 | workers=8
2026-04-25 19:43:42,535 | INFO | Stage0 lexical progress | processed=54272/876818 | rate=272.2 url/s | elapsed=199.4s | eta=3022.3s | skipped=0 | metric_urls=54272/876818 | batches=212/3426 | active_batches=7 | queued_batches=3207 | workers=8
2026-04-25 19:43:45,288 | INFO | Stage0 lexical progress | processed=55040/876818 | rate=272.3 url/s | elapsed=202.2s | eta=3018.4s | skipped=0 | metric_urls=55040/876818 | batches=215/3426 | active_batches=7 | queued_batches=3204 | workers=8
2026-04-25 19:43:46,851 | INFO | Stage0 lexical progress | processed=55808/876818 | rate=273.9 url/s | elapsed=203.7s | eta=2997.1s | skipped=0 | metric_urls=55808/876818 | batches=218/3426 | active_batches=7 | queued_batches=3201 | workers=8
2026-04-25 19:43:49,765 | INFO | Stage0 lexical progress | processed=56320/876818 | rate=272.5 url/s | elapsed=206.6s | eta=3010.5s | skipped=0 | metric_urls=56320/876818 | batches=220/3426 | active_batches=7 | queued_batches=3199 | workers=8
2026-04-25 19:43:50,900 | INFO | Stage0 lexical progress | processed=56576/876818 | rate=272.3 url/s | elapsed=207.8s | eta=3012.3s | skipped=0 | metric_urls=56576/876818 | batches=221/3426 | active_batches=7 | queued_batches=3198 | workers=8
2026-04-25 19:43:52,297 | INFO | Stage0 lexical progress | processed=57344/876818 | rate=274.1 url/s | elapsed=209.2s | eta=2989.2s | skipped=0 | metric_urls=57344/876818 | batches=224/3426 | active_batches=7 | queued_batches=3195 | workers=8
2026-04-25 19:43:53,773 | INFO | Stage0 lexical progress | processed=57856/876818 | rate=274.7 url/s | elapsed=210.6s | eta=2981.8s | skipped=0 | metric_urls=57856/876818 | batches=226/3426 | active_batches=7 | queued_batches=3193 | workers=8
2026-04-25 19:43:57,939 | INFO | Stage0 lexical progress | processed=58368/876818 | rate=271.7 url/s | elapsed=214.8s | eta=3012.2s | skipped=0 | metric_urls=58368/876818 | batches=228/3426 | active_batches=7 | queued_batches=3191 | workers=8
2026-04-25 19:43:59,116 | INFO | Stage0 lexical progress | processed=59136/876818 | rate=273.8 url/s | elapsed=216.0s | eta=2986.6s | skipped=0 | metric_urls=59136/876818 | batches=231/3426 | active_batches=7 | queued_batches=3188 | workers=8
2026-04-25 19:44:02,159 | INFO | Stage0 lexical progress | processed=60160/876818 | rate=274.7 url/s | elapsed=219.0s | eta=2973.4s | skipped=0 | metric_urls=60160/876818 | batches=235/3426 | active_batches=7 | queued_batches=3184 | workers=8
2026-04-25 19:44:04,540 | INFO | Stage0 lexical progress | processed=60416/876818 | rate=272.9 url/s | elapsed=221.4s | eta=2992.0s | skipped=0 | metric_urls=60416/876818 | batches=236/3426 | active_batches=7 | queued_batches=3183 | workers=8
2026-04-25 19:44:06,150 | INFO | Stage0 lexical progress | processed=60672/876818 | rate=272.0 url/s | elapsed=223.0s | eta=3000.1s | skipped=0 | metric_urls=60672/876818 | batches=237/3426 | active_batches=7 | queued_batches=3182 | workers=8
2026-04-25 19:44:08,992 | INFO | Stage0 lexical progress | processed=61440/876818 | rate=272.0 url/s | elapsed=225.9s | eta=2997.5s | skipped=0 | metric_urls=61440/876818 | batches=240/3426 | active_batches=7 | queued_batches=3179 | workers=8
2026-04-25 19:44:11,206 | INFO | Stage0 lexical progress | processed=62208/876818 | rate=272.7 url/s | elapsed=228.1s | eta=2986.7s | skipped=0 | metric_urls=62208/876818 | batches=243/3426 | active_batches=7 | queued_batches=3176 | workers=8
2026-04-25 19:44:14,741 | INFO | Stage0 lexical progress | processed=62464/876818 | rate=269.7 url/s | elapsed=231.6s | eta=3019.6s | skipped=0 | metric_urls=62464/876818 | batches=244/3426 | active_batches=7 | queued_batches=3175 | workers=8
2026-04-25 19:44:17,319 | INFO | Stage0 lexical progress | processed=63232/876818 | rate=270.0 url/s | elapsed=234.2s | eta=3013.3s | skipped=0 | metric_urls=63232/876818 | batches=247/3426 | active_batches=7 | queued_batches=3172 | workers=8
2026-04-25 19:44:19,291 | INFO | Stage0 lexical progress | processed=64256/876818 | rate=272.1 url/s | elapsed=236.2s | eta=2986.5s | skipped=0 | metric_urls=64256/876818 | batches=251/3426 | active_batches=7 | queued_batches=3168 | workers=8
2026-04-25 19:44:22,763 | INFO | Stage0 lexical progress | processed=64512/876818 | rate=269.2 url/s | elapsed=239.6s | eta=3017.4s | skipped=0 | metric_urls=64512/876818 | batches=252/3426 | active_batches=7 | queued_batches=3167 | workers=8
2026-04-25 19:44:24,013 | INFO | Stage0 lexical progress | processed=65024/876818 | rate=269.9 url/s | elapsed=240.9s | eta=3007.4s | skipped=0 | metric_urls=65024/876818 | batches=254/3426 | active_batches=7 | queued_batches=3165 | workers=8
2026-04-25 19:44:25,624 | INFO | Stage0 lexical progress | processed=65792/876818 | rate=271.3 url/s | elapsed=242.5s | eta=2989.3s | skipped=0 | metric_urls=65792/876818 | batches=257/3426 | active_batches=7 | queued_batches=3162 | workers=8
